// Jest Snapshot v1, https://goo.gl/fbAQLP

exports[`AppTest 1`] = `
<div
  className="wrapper"
>
  <div
    className="content"
  >
    <img
      alt="React logo"
      className="logo"
      src={undefined {}}
    />
    <h1
      className="title"
    >
      Hello world!
    </h1>
  </div>
</div>
`;
