// Jest Snapshot v1, https://goo.gl/fbAQLP

exports[`renders a snapshot 1`] = `
<div
  className={undefined}
>
  <div
    className={undefined}
  >
    <img
      alt="React logo"
      className={undefined}
      src=""
    />
    <h1
      className={undefined}
    >
      Hello world!
    </h1>
  </div>
</div>
`;
